[34240:36792:0618/192228.395:INFO:components\enterprise\browser\controller\chrome_browser_cloud_management_controller.cc:239] No machine level policy manager exists.
[29256:30912:0618/192228.498:ERROR:ui\gl\direct_composition_support.cc:247] GetGpuDriverOverlayInfo: Failed to retrieve video device
[29256:30912:0618/192228.501:VERBOSE1:components\viz\service\main\viz_main_impl.cc:87] VizNullHypothesis is disabled (not a warning)
[34240:34848:0618/192228.523:WARNING:chrome\browser\extensions\external_pref_loader.cc:294] You are using an old-style extension deployment method (external_extensions.json), which will soon be deprecated. (see http://developer.chrome.com/docs/extensions/how-to/distribute/install-extensions)
[31876:2080:0618/192228.562:INFO:third_party\webrtc\rtc_base\cpu_info.cc:77] Available number of cores: 12
[35064:17760:0618/192228.564:INFO:third_party\webrtc\rtc_base\cpu_info.cc:77] Available number of cores: 12
[46684:31116:0618/192228.642:INFO:third_party\webrtc\rtc_base\cpu_info.cc:77] Available number of cores: 12
[46008:46580:0618/192228.642:INFO:third_party\webrtc\rtc_base\cpu_info.cc:77] Available number of cores: 12
[45692:43732:0618/192228.669:INFO:third_party\webrtc\rtc_base\cpu_info.cc:77] Available number of cores: 12
[15824:29104:0618/192228.684:INFO:third_party\webrtc\rtc_base\cpu_info.cc:77] Available number of cores: 12
[34240:36792:0618/192228.875:INFO:CONSOLE:851] "[vite] connecting...", source: http://localhost:5173/@vite/client (851)
[34240:36792:0618/192228.882:INFO:CONSOLE:955] "[vite] connected.", source: http://localhost:5173/@vite/client (955)
[34240:36792:0618/192228.902:INFO:CONSOLE:14337] "%cDownload the React DevTools for a better development experience: https://react.dev/link/react-devtools font-weight:bold", source: http://localhost:5173/node_modules/.vite/deps/react-dom_client.js?v=0d8b7cfc (14337)
[34240:36792:0618/192228.923:INFO:CONSOLE:362] "Uncaught ReferenceError: Cannot access 'loadData' before initialization", source: http://localhost:5173/src/App.jsx (362)
[34240:36792:0618/192228.923:INFO:CONSOLE:525] "%s

%s
 An error occurred in the <App> component. Consider adding an error boundary to your tree to customize error handling behavior.
Visit https://react.dev/link/error-boundaries to learn more about error boundaries.", source: http://localhost:5173/@vite/client (525)
[37816:3400:0618/192231.839:INFO:third_party\webrtc\rtc_base\cpu_info.cc:77] Available number of cores: 12
[1820:1796:0618/192231.844:INFO:third_party\webrtc\rtc_base\cpu_info.cc:77] Available number of cores: 12
[25684:36796:0618/192231.935:INFO:third_party\webrtc\rtc_base\cpu_info.cc:77] Available number of cores: 12
[27908:11988:0618/192231.969:INFO:third_party\webrtc\rtc_base\cpu_info.cc:77] Available number of cores: 12
[38996:36828:0618/192232.032:INFO:third_party\webrtc\rtc_base\cpu_info.cc:77] Available number of cores: 12
[12856:2264:0618/192232.064:INFO:third_party\webrtc\rtc_base\cpu_info.cc:77] Available number of cores: 12
[26332:39436:0618/192232.109:INFO:third_party\webrtc\rtc_base\cpu_info.cc:77] Available number of cores: 12
[25268:38692:0618/192232.158:INFO:third_party\webrtc\rtc_base\cpu_info.cc:77] Available number of cores: 12
[34240:37692:0618/192232.236:ERROR:google_apis\gcm\engine\registration_request.cc:291] Registration response error message: DEPRECATED_ENDPOINT
[39888:14660:0618/192232.297:INFO:third_party\webrtc\rtc_base\cpu_info.cc:77] Available number of cores: 12
